C:/Users/Pc-portable/STM32Cube/Repository/STM32Cube_FW_WL_V1.3.0/Projects/NUCLEO-WL55JC/Applications/LoRaWAN/LoRaWAN_End_Node/Drivers/BSP/IKS01A3/iks01a3_motion_sensors_ex.c:57:9:IKS01A3_MOTION_SENSOR_Read_Register	8	static
C:/Users/Pc-portable/STM32Cube/Repository/STM32Cube_FW_WL_V1.3.0/Projects/NUCLEO-WL55JC/Applications/LoRaWAN/LoRaWAN_End_Node/Drivers/BSP/IKS01A3/iks01a3_motion_sensors_ex.c:535:9:IKS01A3_MOTION_SENSOR_Write_Register	8	static
C:/Users/Pc-portable/STM32Cube/Repository/STM32Cube_FW_WL_V1.3.0/Projects/NUCLEO-WL55JC/Applications/LoRaWAN/LoRaWAN_End_Node/Drivers/BSP/IKS01A3/iks01a3_motion_sensors_ex.c:1011:9:IKS01A3_MOTION_SENSOR_ACC_HG_Enable	0	static
C:/Users/Pc-portable/STM32Cube/Repository/STM32Cube_FW_WL_V1.3.0/Projects/NUCLEO-WL55JC/Applications/LoRaWAN/LoRaWAN_End_Node/Drivers/BSP/IKS01A3/iks01a3_motion_sensors_ex.c:1052:9:IKS01A3_MOTION_SENSOR_ACC_HG_Disable	0	static
C:/Users/Pc-portable/STM32Cube/Repository/STM32Cube_FW_WL_V1.3.0/Projects/NUCLEO-WL55JC/Applications/LoRaWAN/LoRaWAN_End_Node/Drivers/BSP/IKS01A3/iks01a3_motion_sensors_ex.c:1094:9:IKS01A3_MOTION_SENSOR_ACC_HG_GetSensitivity	0	static
C:/Users/Pc-portable/STM32Cube/Repository/STM32Cube_FW_WL_V1.3.0/Projects/NUCLEO-WL55JC/Applications/LoRaWAN/LoRaWAN_End_Node/Drivers/BSP/IKS01A3/iks01a3_motion_sensors_ex.c:1136:9:IKS01A3_MOTION_SENSOR_ACC_HG_GetOutputDataRate	0	static
C:/Users/Pc-portable/STM32Cube/Repository/STM32Cube_FW_WL_V1.3.0/Projects/NUCLEO-WL55JC/Applications/LoRaWAN/LoRaWAN_End_Node/Drivers/BSP/IKS01A3/iks01a3_motion_sensors_ex.c:1178:9:IKS01A3_MOTION_SENSOR_ACC_HG_SetOutputDataRate	0	static
C:/Users/Pc-portable/STM32Cube/Repository/STM32Cube_FW_WL_V1.3.0/Projects/NUCLEO-WL55JC/Applications/LoRaWAN/LoRaWAN_End_Node/Drivers/BSP/IKS01A3/iks01a3_motion_sensors_ex.c:1220:9:IKS01A3_MOTION_SENSOR_ACC_HG_GetFullScale	0	static
C:/Users/Pc-portable/STM32Cube/Repository/STM32Cube_FW_WL_V1.3.0/Projects/NUCLEO-WL55JC/Applications/LoRaWAN/LoRaWAN_End_Node/Drivers/BSP/IKS01A3/iks01a3_motion_sensors_ex.c:1262:9:IKS01A3_MOTION_SENSOR_ACC_HG_SetFullScale	0	static
C:/Users/Pc-portable/STM32Cube/Repository/STM32Cube_FW_WL_V1.3.0/Projects/NUCLEO-WL55JC/Applications/LoRaWAN/LoRaWAN_End_Node/Drivers/BSP/IKS01A3/iks01a3_motion_sensors_ex.c:1304:9:IKS01A3_MOTION_SENSOR_ACC_HG_GetAxesRaw	0	static
C:/Users/Pc-portable/STM32Cube/Repository/STM32Cube_FW_WL_V1.3.0/Projects/NUCLEO-WL55JC/Applications/LoRaWAN/LoRaWAN_End_Node/Drivers/BSP/IKS01A3/iks01a3_motion_sensors_ex.c:1346:9:IKS01A3_MOTION_SENSOR_ACC_HG_GetAxes	0	static
C:/Users/Pc-portable/STM32Cube/Repository/STM32Cube_FW_WL_V1.3.0/Projects/NUCLEO-WL55JC/Applications/LoRaWAN/LoRaWAN_End_Node/Drivers/BSP/IKS01A3/iks01a3_motion_sensors_ex.c:1392:9:IKS01A3_MOTION_SENSOR_Get_DRDY_Status	8	static
C:/Users/Pc-portable/STM32Cube/Repository/STM32Cube_FW_WL_V1.3.0/Projects/NUCLEO-WL55JC/Applications/LoRaWAN/LoRaWAN_End_Node/Drivers/BSP/IKS01A3/iks01a3_motion_sensors_ex.c:2334:9:IKS01A3_MOTION_SENSOR_Get_Event_Status	8	static
C:/Users/Pc-portable/STM32Cube/Repository/STM32Cube_FW_WL_V1.3.0/Projects/NUCLEO-WL55JC/Applications/LoRaWAN/LoRaWAN_End_Node/Drivers/BSP/IKS01A3/iks01a3_motion_sensors_ex.c:2397:9:IKS01A3_MOTION_SENSOR_Enable_Free_Fall_Detection	8	static
C:/Users/Pc-portable/STM32Cube/Repository/STM32Cube_FW_WL_V1.3.0/Projects/NUCLEO-WL55JC/Applications/LoRaWAN/LoRaWAN_End_Node/Drivers/BSP/IKS01A3/iks01a3_motion_sensors_ex.c:2429:9:IKS01A3_MOTION_SENSOR_Disable_Free_Fall_Detection	8	static
C:/Users/Pc-portable/STM32Cube/Repository/STM32Cube_FW_WL_V1.3.0/Projects/NUCLEO-WL55JC/Applications/LoRaWAN/LoRaWAN_End_Node/Drivers/BSP/IKS01A3/iks01a3_motion_sensors_ex.c:2462:9:IKS01A3_MOTION_SENSOR_Set_Free_Fall_Threshold	8	static
C:/Users/Pc-portable/STM32Cube/Repository/STM32Cube_FW_WL_V1.3.0/Projects/NUCLEO-WL55JC/Applications/LoRaWAN/LoRaWAN_End_Node/Drivers/BSP/IKS01A3/iks01a3_motion_sensors_ex.c:2495:9:IKS01A3_MOTION_SENSOR_Set_Free_Fall_Duration	8	static
C:/Users/Pc-portable/STM32Cube/Repository/STM32Cube_FW_WL_V1.3.0/Projects/NUCLEO-WL55JC/Applications/LoRaWAN/LoRaWAN_End_Node/Drivers/BSP/IKS01A3/iks01a3_motion_sensors_ex.c:2528:9:IKS01A3_MOTION_SENSOR_Enable_Pedometer	8	static
C:/Users/Pc-portable/STM32Cube/Repository/STM32Cube_FW_WL_V1.3.0/Projects/NUCLEO-WL55JC/Applications/LoRaWAN/LoRaWAN_End_Node/Drivers/BSP/IKS01A3/iks01a3_motion_sensors_ex.c:2560:9:IKS01A3_MOTION_SENSOR_Disable_Pedometer	8	static
C:/Users/Pc-portable/STM32Cube/Repository/STM32Cube_FW_WL_V1.3.0/Projects/NUCLEO-WL55JC/Applications/LoRaWAN/LoRaWAN_End_Node/Drivers/BSP/IKS01A3/iks01a3_motion_sensors_ex.c:2593:9:IKS01A3_MOTION_SENSOR_Reset_Step_Counter	8	static
C:/Users/Pc-portable/STM32Cube/Repository/STM32Cube_FW_WL_V1.3.0/Projects/NUCLEO-WL55JC/Applications/LoRaWAN/LoRaWAN_End_Node/Drivers/BSP/IKS01A3/iks01a3_motion_sensors_ex.c:2626:9:IKS01A3_MOTION_SENSOR_Get_Step_Count	8	static
C:/Users/Pc-portable/STM32Cube/Repository/STM32Cube_FW_WL_V1.3.0/Projects/NUCLEO-WL55JC/Applications/LoRaWAN/LoRaWAN_End_Node/Drivers/BSP/IKS01A3/iks01a3_motion_sensors_ex.c:2660:9:IKS01A3_MOTION_SENSOR_Enable_Tilt_Detection	8	static
C:/Users/Pc-portable/STM32Cube/Repository/STM32Cube_FW_WL_V1.3.0/Projects/NUCLEO-WL55JC/Applications/LoRaWAN/LoRaWAN_End_Node/Drivers/BSP/IKS01A3/iks01a3_motion_sensors_ex.c:2692:9:IKS01A3_MOTION_SENSOR_Disable_Tilt_Detection	8	static
C:/Users/Pc-portable/STM32Cube/Repository/STM32Cube_FW_WL_V1.3.0/Projects/NUCLEO-WL55JC/Applications/LoRaWAN/LoRaWAN_End_Node/Drivers/BSP/IKS01A3/iks01a3_motion_sensors_ex.c:2726:9:IKS01A3_MOTION_SENSOR_Enable_Wake_Up_Detection	8	static
C:/Users/Pc-portable/STM32Cube/Repository/STM32Cube_FW_WL_V1.3.0/Projects/NUCLEO-WL55JC/Applications/LoRaWAN/LoRaWAN_End_Node/Drivers/BSP/IKS01A3/iks01a3_motion_sensors_ex.c:2786:9:IKS01A3_MOTION_SENSOR_Disable_Wake_Up_Detection	8	static
C:/Users/Pc-portable/STM32Cube/Repository/STM32Cube_FW_WL_V1.3.0/Projects/NUCLEO-WL55JC/Applications/LoRaWAN/LoRaWAN_End_Node/Drivers/BSP/IKS01A3/iks01a3_motion_sensors_ex.c:2845:9:IKS01A3_MOTION_SENSOR_Set_Wake_Up_Threshold	8	static
C:/Users/Pc-portable/STM32Cube/Repository/STM32Cube_FW_WL_V1.3.0/Projects/NUCLEO-WL55JC/Applications/LoRaWAN/LoRaWAN_End_Node/Drivers/BSP/IKS01A3/iks01a3_motion_sensors_ex.c:2904:9:IKS01A3_MOTION_SENSOR_Set_Wake_Up_Duration	8	static
C:/Users/Pc-portable/STM32Cube/Repository/STM32Cube_FW_WL_V1.3.0/Projects/NUCLEO-WL55JC/Applications/LoRaWAN/LoRaWAN_End_Node/Drivers/BSP/IKS01A3/iks01a3_motion_sensors_ex.c:2963:9:IKS01A3_MOTION_SENSOR_Enable_Inactivity_Detection	8	static
C:/Users/Pc-portable/STM32Cube/Repository/STM32Cube_FW_WL_V1.3.0/Projects/NUCLEO-WL55JC/Applications/LoRaWAN/LoRaWAN_End_Node/Drivers/BSP/IKS01A3/iks01a3_motion_sensors_ex.c:3010:9:IKS01A3_MOTION_SENSOR_Disable_Inactivity_Detection	8	static
C:/Users/Pc-portable/STM32Cube/Repository/STM32Cube_FW_WL_V1.3.0/Projects/NUCLEO-WL55JC/Applications/LoRaWAN/LoRaWAN_End_Node/Drivers/BSP/IKS01A3/iks01a3_motion_sensors_ex.c:3056:9:IKS01A3_MOTION_SENSOR_Set_Sleep_Duration	8	static
C:/Users/Pc-portable/STM32Cube/Repository/STM32Cube_FW_WL_V1.3.0/Projects/NUCLEO-WL55JC/Applications/LoRaWAN/LoRaWAN_End_Node/Drivers/BSP/IKS01A3/iks01a3_motion_sensors_ex.c:3103:9:IKS01A3_MOTION_SENSOR_Enable_Single_Tap_Detection	8	static
C:/Users/Pc-portable/STM32Cube/Repository/STM32Cube_FW_WL_V1.3.0/Projects/NUCLEO-WL55JC/Applications/LoRaWAN/LoRaWAN_End_Node/Drivers/BSP/IKS01A3/iks01a3_motion_sensors_ex.c:3135:9:IKS01A3_MOTION_SENSOR_Disable_Single_Tap_Detection	8	static
C:/Users/Pc-portable/STM32Cube/Repository/STM32Cube_FW_WL_V1.3.0/Projects/NUCLEO-WL55JC/Applications/LoRaWAN/LoRaWAN_End_Node/Drivers/BSP/IKS01A3/iks01a3_motion_sensors_ex.c:3169:9:IKS01A3_MOTION_SENSOR_Enable_Double_Tap_Detection	8	static
C:/Users/Pc-portable/STM32Cube/Repository/STM32Cube_FW_WL_V1.3.0/Projects/NUCLEO-WL55JC/Applications/LoRaWAN/LoRaWAN_End_Node/Drivers/BSP/IKS01A3/iks01a3_motion_sensors_ex.c:3201:9:IKS01A3_MOTION_SENSOR_Disable_Double_Tap_Detection	8	static
C:/Users/Pc-portable/STM32Cube/Repository/STM32Cube_FW_WL_V1.3.0/Projects/NUCLEO-WL55JC/Applications/LoRaWAN/LoRaWAN_End_Node/Drivers/BSP/IKS01A3/iks01a3_motion_sensors_ex.c:3234:9:IKS01A3_MOTION_SENSOR_Set_Tap_Threshold	8	static
C:/Users/Pc-portable/STM32Cube/Repository/STM32Cube_FW_WL_V1.3.0/Projects/NUCLEO-WL55JC/Applications/LoRaWAN/LoRaWAN_End_Node/Drivers/BSP/IKS01A3/iks01a3_motion_sensors_ex.c:3267:9:IKS01A3_MOTION_SENSOR_Set_Tap_Shock_Time	8	static
C:/Users/Pc-portable/STM32Cube/Repository/STM32Cube_FW_WL_V1.3.0/Projects/NUCLEO-WL55JC/Applications/LoRaWAN/LoRaWAN_End_Node/Drivers/BSP/IKS01A3/iks01a3_motion_sensors_ex.c:3300:9:IKS01A3_MOTION_SENSOR_Set_Tap_Quiet_Time	8	static
C:/Users/Pc-portable/STM32Cube/Repository/STM32Cube_FW_WL_V1.3.0/Projects/NUCLEO-WL55JC/Applications/LoRaWAN/LoRaWAN_End_Node/Drivers/BSP/IKS01A3/iks01a3_motion_sensors_ex.c:3333:9:IKS01A3_MOTION_SENSOR_Set_Tap_Duration_Time	8	static
C:/Users/Pc-portable/STM32Cube/Repository/STM32Cube_FW_WL_V1.3.0/Projects/NUCLEO-WL55JC/Applications/LoRaWAN/LoRaWAN_End_Node/Drivers/BSP/IKS01A3/iks01a3_motion_sensors_ex.c:3367:9:IKS01A3_MOTION_SENSOR_Enable_6D_Orientation	8	static
C:/Users/Pc-portable/STM32Cube/Repository/STM32Cube_FW_WL_V1.3.0/Projects/NUCLEO-WL55JC/Applications/LoRaWAN/LoRaWAN_End_Node/Drivers/BSP/IKS01A3/iks01a3_motion_sensors_ex.c:3427:9:IKS01A3_MOTION_SENSOR_Disable_6D_Orientation	8	static
C:/Users/Pc-portable/STM32Cube/Repository/STM32Cube_FW_WL_V1.3.0/Projects/NUCLEO-WL55JC/Applications/LoRaWAN/LoRaWAN_End_Node/Drivers/BSP/IKS01A3/iks01a3_motion_sensors_ex.c:3486:9:IKS01A3_MOTION_SENSOR_Set_6D_Orientation_Threshold	8	static
C:/Users/Pc-portable/STM32Cube/Repository/STM32Cube_FW_WL_V1.3.0/Projects/NUCLEO-WL55JC/Applications/LoRaWAN/LoRaWAN_End_Node/Drivers/BSP/IKS01A3/iks01a3_motion_sensors_ex.c:3545:9:IKS01A3_MOTION_SENSOR_Get_6D_Orientation_XL	8	static
C:/Users/Pc-portable/STM32Cube/Repository/STM32Cube_FW_WL_V1.3.0/Projects/NUCLEO-WL55JC/Applications/LoRaWAN/LoRaWAN_End_Node/Drivers/BSP/IKS01A3/iks01a3_motion_sensors_ex.c:3604:9:IKS01A3_MOTION_SENSOR_Get_6D_Orientation_XH	8	static
C:/Users/Pc-portable/STM32Cube/Repository/STM32Cube_FW_WL_V1.3.0/Projects/NUCLEO-WL55JC/Applications/LoRaWAN/LoRaWAN_End_Node/Drivers/BSP/IKS01A3/iks01a3_motion_sensors_ex.c:3663:9:IKS01A3_MOTION_SENSOR_Get_6D_Orientation_YL	8	static
C:/Users/Pc-portable/STM32Cube/Repository/STM32Cube_FW_WL_V1.3.0/Projects/NUCLEO-WL55JC/Applications/LoRaWAN/LoRaWAN_End_Node/Drivers/BSP/IKS01A3/iks01a3_motion_sensors_ex.c:3722:9:IKS01A3_MOTION_SENSOR_Get_6D_Orientation_YH	8	static
C:/Users/Pc-portable/STM32Cube/Repository/STM32Cube_FW_WL_V1.3.0/Projects/NUCLEO-WL55JC/Applications/LoRaWAN/LoRaWAN_End_Node/Drivers/BSP/IKS01A3/iks01a3_motion_sensors_ex.c:3781:9:IKS01A3_MOTION_SENSOR_Get_6D_Orientation_ZL	8	static
C:/Users/Pc-portable/STM32Cube/Repository/STM32Cube_FW_WL_V1.3.0/Projects/NUCLEO-WL55JC/Applications/LoRaWAN/LoRaWAN_End_Node/Drivers/BSP/IKS01A3/iks01a3_motion_sensors_ex.c:3840:9:IKS01A3_MOTION_SENSOR_Get_6D_Orientation_ZH	8	static
C:/Users/Pc-portable/STM32Cube/Repository/STM32Cube_FW_WL_V1.3.0/Projects/NUCLEO-WL55JC/Applications/LoRaWAN/LoRaWAN_End_Node/Drivers/BSP/IKS01A3/iks01a3_motion_sensors_ex.c:3899:9:IKS01A3_MOTION_SENSOR_FIFO_Get_Num_Samples	8	static
C:/Users/Pc-portable/STM32Cube/Repository/STM32Cube_FW_WL_V1.3.0/Projects/NUCLEO-WL55JC/Applications/LoRaWAN/LoRaWAN_End_Node/Drivers/BSP/IKS01A3/iks01a3_motion_sensors_ex.c:3958:9:IKS01A3_MOTION_SENSOR_FIFO_Get_Full_Status	8	static
C:/Users/Pc-portable/STM32Cube/Repository/STM32Cube_FW_WL_V1.3.0/Projects/NUCLEO-WL55JC/Applications/LoRaWAN/LoRaWAN_End_Node/Drivers/BSP/IKS01A3/iks01a3_motion_sensors_ex.c:3993:9:IKS01A3_MOTION_SENSOR_FIFO_Set_BDR	8	static
C:/Users/Pc-portable/STM32Cube/Repository/STM32Cube_FW_WL_V1.3.0/Projects/NUCLEO-WL55JC/Applications/LoRaWAN/LoRaWAN_End_Node/Drivers/BSP/IKS01A3/iks01a3_motion_sensors_ex.c:4044:9:IKS01A3_MOTION_SENSOR_FIFO_Set_INT1_FIFO_Full	8	static
C:/Users/Pc-portable/STM32Cube/Repository/STM32Cube_FW_WL_V1.3.0/Projects/NUCLEO-WL55JC/Applications/LoRaWAN/LoRaWAN_End_Node/Drivers/BSP/IKS01A3/iks01a3_motion_sensors_ex.c:4077:9:IKS01A3_MOTION_SENSOR_FIFO_Set_Watermark_Level	8	static
C:/Users/Pc-portable/STM32Cube/Repository/STM32Cube_FW_WL_V1.3.0/Projects/NUCLEO-WL55JC/Applications/LoRaWAN/LoRaWAN_End_Node/Drivers/BSP/IKS01A3/iks01a3_motion_sensors_ex.c:4110:9:IKS01A3_MOTION_SENSOR_FIFO_Set_Stop_On_Fth	8	static
C:/Users/Pc-portable/STM32Cube/Repository/STM32Cube_FW_WL_V1.3.0/Projects/NUCLEO-WL55JC/Applications/LoRaWAN/LoRaWAN_End_Node/Drivers/BSP/IKS01A3/iks01a3_motion_sensors_ex.c:4143:9:IKS01A3_MOTION_SENSOR_FIFO_Set_Mode	8	static
C:/Users/Pc-portable/STM32Cube/Repository/STM32Cube_FW_WL_V1.3.0/Projects/NUCLEO-WL55JC/Applications/LoRaWAN/LoRaWAN_End_Node/Drivers/BSP/IKS01A3/iks01a3_motion_sensors_ex.c:4202:9:IKS01A3_MOTION_SENSOR_FIFO_Get_Tag	8	static
C:/Users/Pc-portable/STM32Cube/Repository/STM32Cube_FW_WL_V1.3.0/Projects/NUCLEO-WL55JC/Applications/LoRaWAN/LoRaWAN_End_Node/Drivers/BSP/IKS01A3/iks01a3_motion_sensors_ex.c:4237:9:IKS01A3_MOTION_SENSOR_FIFO_Get_Axes	8	static
C:/Users/Pc-portable/STM32Cube/Repository/STM32Cube_FW_WL_V1.3.0/Projects/NUCLEO-WL55JC/Applications/LoRaWAN/LoRaWAN_End_Node/Drivers/BSP/IKS01A3/iks01a3_motion_sensors_ex.c:4296:9:IKS01A3_MOTION_SENSOR_Set_SelfTest	8	static
C:/Users/Pc-portable/STM32Cube/Repository/STM32Cube_FW_WL_V1.3.0/Projects/NUCLEO-WL55JC/Applications/LoRaWAN/LoRaWAN_End_Node/Drivers/BSP/IKS01A3/iks01a3_motion_sensors_ex.c:4407:9:IKS01A3_MOTION_SENSOR_DRDY_Set_Mode	8	static
C:/Users/Pc-portable/STM32Cube/Repository/STM32Cube_FW_WL_V1.3.0/Projects/NUCLEO-WL55JC/Applications/LoRaWAN/LoRaWAN_End_Node/Drivers/BSP/IKS01A3/iks01a3_motion_sensors_ex.c:4442:9:IKS01A3_MOTION_SENSOR_DRDY_Enable_Interrupt	8	static
C:/Users/Pc-portable/STM32Cube/Repository/STM32Cube_FW_WL_V1.3.0/Projects/NUCLEO-WL55JC/Applications/LoRaWAN/LoRaWAN_End_Node/Drivers/BSP/IKS01A3/iks01a3_motion_sensors_ex.c:4510:9:IKS01A3_MOTION_SENSOR_DRDY_Disable_Interrupt	8	static
