C:/Users/Pc-portable/STM32Cube/Repository/STM32Cube_FW_WL_V1.3.0/Projects/NUCLEO-WL55JC/Applications/LoRaWAN/LoRaWAN_End_Node/Drivers/BSP/IKS01A3/iks01a3_motion_sensors.c:1612:16:LSM6DSO_0_Probe	80	static
C:/Users/Pc-portable/STM32Cube/Repository/STM32Cube_FW_WL_V1.3.0/Projects/NUCLEO-WL55JC/Applications/LoRaWAN/LoRaWAN_End_Node/Drivers/BSP/IKS01A3/iks01a3_motion_sensors.c:1699:16:LIS2DW12_0_Probe	80	static
C:/Users/Pc-portable/STM32Cube/Repository/STM32Cube_FW_WL_V1.3.0/Projects/NUCLEO-WL55JC/Applications/LoRaWAN/LoRaWAN_End_Node/Drivers/BSP/IKS01A3/iks01a3_motion_sensors.c:1773:16:LIS2MDL_0_Probe	80	static
C:/Users/Pc-portable/STM32Cube/Repository/STM32Cube_FW_WL_V1.3.0/Projects/NUCLEO-WL55JC/Applications/LoRaWAN/LoRaWAN_End_Node/Drivers/BSP/IKS01A3/iks01a3_motion_sensors.c:226:9:IKS01A3_MOTION_SENSOR_Init	56	static
C:/Users/Pc-portable/STM32Cube/Repository/STM32Cube_FW_WL_V1.3.0/Projects/NUCLEO-WL55JC/Applications/LoRaWAN/LoRaWAN_End_Node/Drivers/BSP/IKS01A3/iks01a3_motion_sensors.c:1166:9:IKS01A3_MOTION_SENSOR_DeInit	8	static
C:/Users/Pc-portable/STM32Cube/Repository/STM32Cube_FW_WL_V1.3.0/Projects/NUCLEO-WL55JC/Applications/LoRaWAN/LoRaWAN_End_Node/Drivers/BSP/IKS01A3/iks01a3_motion_sensors.c:1192:9:IKS01A3_MOTION_SENSOR_GetCapabilities	8	static
C:/Users/Pc-portable/STM32Cube/Repository/STM32Cube_FW_WL_V1.3.0/Projects/NUCLEO-WL55JC/Applications/LoRaWAN/LoRaWAN_End_Node/Drivers/BSP/IKS01A3/iks01a3_motion_sensors.c:1218:9:IKS01A3_MOTION_SENSOR_ReadID	8	static
C:/Users/Pc-portable/STM32Cube/Repository/STM32Cube_FW_WL_V1.3.0/Projects/NUCLEO-WL55JC/Applications/LoRaWAN/LoRaWAN_End_Node/Drivers/BSP/IKS01A3/iks01a3_motion_sensors.c:1247:9:IKS01A3_MOTION_SENSOR_Enable	8	static
C:/Users/Pc-portable/STM32Cube/Repository/STM32Cube_FW_WL_V1.3.0/Projects/NUCLEO-WL55JC/Applications/LoRaWAN/LoRaWAN_End_Node/Drivers/BSP/IKS01A3/iks01a3_motion_sensors.c:1286:9:IKS01A3_MOTION_SENSOR_Disable	8	static
C:/Users/Pc-portable/STM32Cube/Repository/STM32Cube_FW_WL_V1.3.0/Projects/NUCLEO-WL55JC/Applications/LoRaWAN/LoRaWAN_End_Node/Drivers/BSP/IKS01A3/iks01a3_motion_sensors.c:1326:9:IKS01A3_MOTION_SENSOR_GetAxes	8	static
C:/Users/Pc-portable/STM32Cube/Repository/STM32Cube_FW_WL_V1.3.0/Projects/NUCLEO-WL55JC/Applications/LoRaWAN/LoRaWAN_End_Node/Drivers/BSP/IKS01A3/iks01a3_motion_sensors.c:1366:9:IKS01A3_MOTION_SENSOR_GetAxesRaw	8	static
C:/Users/Pc-portable/STM32Cube/Repository/STM32Cube_FW_WL_V1.3.0/Projects/NUCLEO-WL55JC/Applications/LoRaWAN/LoRaWAN_End_Node/Drivers/BSP/IKS01A3/iks01a3_motion_sensors.c:1406:9:IKS01A3_MOTION_SENSOR_GetSensitivity	8	static
C:/Users/Pc-portable/STM32Cube/Repository/STM32Cube_FW_WL_V1.3.0/Projects/NUCLEO-WL55JC/Applications/LoRaWAN/LoRaWAN_End_Node/Drivers/BSP/IKS01A3/iks01a3_motion_sensors.c:1447:9:IKS01A3_MOTION_SENSOR_GetOutputDataRate	8	static
C:/Users/Pc-portable/STM32Cube/Repository/STM32Cube_FW_WL_V1.3.0/Projects/NUCLEO-WL55JC/Applications/LoRaWAN/LoRaWAN_End_Node/Drivers/BSP/IKS01A3/iks01a3_motion_sensors.c:1487:9:IKS01A3_MOTION_SENSOR_GetFullScale	8	static
C:/Users/Pc-portable/STM32Cube/Repository/STM32Cube_FW_WL_V1.3.0/Projects/NUCLEO-WL55JC/Applications/LoRaWAN/LoRaWAN_End_Node/Drivers/BSP/IKS01A3/iks01a3_motion_sensors.c:1528:9:IKS01A3_MOTION_SENSOR_SetOutputDataRate	8	static
C:/Users/Pc-portable/STM32Cube/Repository/STM32Cube_FW_WL_V1.3.0/Projects/NUCLEO-WL55JC/Applications/LoRaWAN/LoRaWAN_End_Node/Drivers/BSP/IKS01A3/iks01a3_motion_sensors.c:1568:9:IKS01A3_MOTION_SENSOR_SetFullScale	8	static
