C:/Users/Pc-portable/STM32Cube/Repository/STM32Cube_FW_WL_V1.3.0/Projects/NUCLEO-WL55JC/Applications/LoRaWAN/LoRaWAN_End_Node/Core/Src/stm32wlxx_nucleo_bus.c:429:13:I2C2_MspInit	112	static
C:/Users/Pc-portable/STM32Cube/Repository/STM32Cube_FW_WL_V1.3.0/Projects/NUCLEO-WL55JC/Applications/LoRaWAN/LoRaWAN_End_Node/Core/Src/stm32wlxx_nucleo_bus.c:469:13:I2C2_MspDeInit	8	static
C:/Users/Pc-portable/STM32Cube/Repository/STM32Cube_FW_WL_V1.3.0/Projects/NUCLEO-WL55JC/Applications/LoRaWAN/LoRaWAN_End_Node/Core/Src/stm32wlxx_nucleo_bus.c:139:9:BSP_I2C2_DeInit	8	static
C:/Users/Pc-portable/STM32Cube/Repository/STM32Cube_FW_WL_V1.3.0/Projects/NUCLEO-WL55JC/Applications/LoRaWAN/LoRaWAN_End_Node/Core/Src/stm32wlxx_nucleo_bus.c:167:9:BSP_I2C2_IsReady	8	static
C:/Users/Pc-portable/STM32Cube/Repository/STM32Cube_FW_WL_V1.3.0/Projects/NUCLEO-WL55JC/Applications/LoRaWAN/LoRaWAN_End_Node/Core/Src/stm32wlxx_nucleo_bus.c:188:9:BSP_I2C2_WriteReg	24	static
C:/Users/Pc-portable/STM32Cube/Repository/STM32Cube_FW_WL_V1.3.0/Projects/NUCLEO-WL55JC/Applications/LoRaWAN/LoRaWAN_End_Node/Core/Src/stm32wlxx_nucleo_bus.c:214:10:BSP_I2C2_ReadReg	24	static
C:/Users/Pc-portable/STM32Cube/Repository/STM32Cube_FW_WL_V1.3.0/Projects/NUCLEO-WL55JC/Applications/LoRaWAN/LoRaWAN_End_Node/Core/Src/stm32wlxx_nucleo_bus.c:242:9:BSP_I2C2_WriteReg16	24	static
C:/Users/Pc-portable/STM32Cube/Repository/STM32Cube_FW_WL_V1.3.0/Projects/NUCLEO-WL55JC/Applications/LoRaWAN/LoRaWAN_End_Node/Core/Src/stm32wlxx_nucleo_bus.c:267:10:BSP_I2C2_ReadReg16	24	static
C:/Users/Pc-portable/STM32Cube/Repository/STM32Cube_FW_WL_V1.3.0/Projects/NUCLEO-WL55JC/Applications/LoRaWAN/LoRaWAN_End_Node/Core/Src/stm32wlxx_nucleo_bus.c:292:9:BSP_I2C2_Send	16	static
C:/Users/Pc-portable/STM32Cube/Repository/STM32Cube_FW_WL_V1.3.0/Projects/NUCLEO-WL55JC/Applications/LoRaWAN/LoRaWAN_End_Node/Core/Src/stm32wlxx_nucleo_bus.c:317:9:BSP_I2C2_Recv	16	static
C:/Users/Pc-portable/STM32Cube/Repository/STM32Cube_FW_WL_V1.3.0/Projects/NUCLEO-WL55JC/Applications/LoRaWAN/LoRaWAN_End_Node/Core/Src/stm32wlxx_nucleo_bus.c:392:9:BSP_GetTick	8	static
C:/Users/Pc-portable/STM32Cube/Repository/STM32Cube_FW_WL_V1.3.0/Projects/NUCLEO-WL55JC/Applications/LoRaWAN/LoRaWAN_End_Node/Core/Src/stm32wlxx_nucleo_bus.c:398:26:MX_I2C2_Init	16	static
C:/Users/Pc-portable/STM32Cube/Repository/STM32Cube_FW_WL_V1.3.0/Projects/NUCLEO-WL55JC/Applications/LoRaWAN/LoRaWAN_End_Node/Core/Src/stm32wlxx_nucleo_bus.c:91:9:BSP_I2C2_Init	8	static
